2026-09-11 09:31:29,290 | INFO | ==================================================
2026-09-11 09:31:29,292 | INFO | 日文零件图纸术语自动翻译应用启动
2026-09-11 09:31:29,292 | INFO | 日志目录: C:\MyProject\project11\日文零件图纸术语自动翻译功能\japanese_drawing_translator\logs
2026-09-11 09:31:29,292 | INFO | 日志保留: 180 天
2026-09-11 09:31:29,292 | INFO | ==================================================
2026-09-11 09:31:29,300 | INFO | 词典加载完成: 746 条术语 (跳过 14 条注释)
2026-09-11 09:31:29,472 | INFO | 词典加载完成: 746 条术语 (跳过 14 条注释)
2026-09-11 09:31:48,531 | INFO | 正在初始化 PaddleOCR 日文模型...
2026-09-11 09:31:49,150 | INFO | PaddleOCR 初始化完成
2026-09-11 09:31:50,019 | INFO | PaddleOCR: 9 raw → 9 filtered → 9 merged
2026-09-11 09:31:50,138 | INFO | 标注完成: 9 条标注 (遮挡模式)
2026-09-11 09:31:50,143 | INFO | 翻译结果已保存: output\_test_input_page1_20260911_093150.json (共 9 条, 已翻译 9 条)
2026-09-11 09:31:52,024 | INFO | 标注完成: 9 条标注 (不遮挡+防碰撞模式)
2026-09-11 09:31:52,407 | INFO | 标注完成: 9 条标注 (遮挡模式)
2026-09-11 09:34:02,265 | INFO | PaddleOCR: 19 raw → 19 filtered → 19 merged
2026-09-11 09:34:02,307 | INFO | 未匹配术语: '-CUT'
2026-09-11 09:34:02,339 | INFO | 未匹配术语: 'DO'
2026-09-11 09:34:02,366 | INFO | 未匹配术语: '-一般差'
2026-09-11 09:34:02,369 | INFO | 未匹配术语: '_硬HRC'
2026-09-11 09:34:02,373 | INFO | 未匹配术语: '設計ｌ検認'
2026-09-11 09:34:02,381 | INFO | 未匹配术语: 'SＫS３'
2026-09-11 09:34:02,388 | INFO | 未匹配术语: 'DO.O00-'
2026-09-11 09:34:02,432 | INFO | 标注完成: 12 条标注 (遮挡模式)
2026-09-11 09:34:02,597 | INFO | 翻译结果已保存: output\20231113162902978.翻译参考_02(1)_page1_20260911_093402.json (共 19 条, 已翻译 12 条)
2026-09-11 09:34:10,126 | INFO | 标注完成: 12 条标注 (不遮挡+防碰撞模式)
2026-09-11 09:34:24,007 | INFO | 标注完成: 12 条标注 (遮挡模式)
2026-09-11 09:34:59,472 | INFO | PaddleOCR: 36 raw → 36 filtered → 36 merged
2026-09-11 09:34:59,521 | INFO | 未匹配术语: '寸法未記入部デ'
2026-09-11 09:34:59,535 | INFO | 未匹配术语: 'Is. Oig.'
2026-09-11 09:34:59,543 | INFO | 未匹配术语: 'ハンチプレーム'
2026-09-11 09:34:59,560 | INFO | 未匹配术语: '硬HRC'
2026-09-11 09:34:59,567 | INFO | 未匹配术语: '銭割加工'
2026-09-11 09:34:59,577 | INFO | 未匹配术语: '4-の12×7'
2026-09-11 09:34:59,582 | INFO | 未匹配术语: 'm m'
2026-09-11 09:34:59,587 | INFO | 未匹配术语: '/イヤーや6て'
2026-09-11 09:34:59,592 | INFO | 未匹配术语: 'J0.ü'
2026-09-11 09:34:59,596 | INFO | 未匹配术语: '-ME'
2026-09-11 09:34:59,605 | INFO | 未匹配术语: 'DOO'
2026-09-11 09:34:59,609 | INFO | 未匹配术语: 'DO.o0- o.'
2026-09-11 09:34:59,614 | INFO | 未匹配术语: '_3E.N00'
2026-09-11 09:34:59,619 | INFO | 未匹配术语: 'SＫS3'
2026-09-11 09:34:59,623 | INFO | 未匹配术语: 'D. oo0'
2026-09-11 09:34:59,628 | INFO | 未匹配术语: 'I 2- ps.O1g.'
2026-09-11 09:34:59,632 | INFO | 未匹配术语: 'スミーケ'
2026-09-11 09:34:59,640 | INFO | 未匹配术语: '2OQ'
2026-09-11 09:34:59,644 | INFO | 未匹配术语: '7家3：1'
2026-09-11 09:34:59,649 | INFO | 未匹配术语: '5ロはト'
2026-09-11 09:34:59,657 | INFO | 未匹配术语: 'DO0'
2026-09-11 09:34:59,665 | INFO | 未匹配术语: 'ロ.ロ'
2026-09-11 09:34:59,668 | INFO | 未匹配术语: '南マス'
2026-09-11 09:34:59,672 | INFO | 未匹配术语: '--の;0心2'
2026-09-11 09:34:59,717 | INFO | 标注完成: 12 条标注 (遮挡模式)
2026-09-11 09:34:59,888 | INFO | 翻译结果已保存: output\20231113162902978.翻译参考_03(1)_page1_20260911_093459.json (共 36 条, 已翻译 12 条)
2026-09-11 09:35:55,592 | INFO | PaddleOCR: 16 raw → 16 filtered → 16 merged
2026-09-11 09:35:55,615 | INFO | 未匹配术语: 'SS400'
2026-09-11 09:35:55,627 | INFO | 未匹配术语: '4－ウラ18×25'
2026-09-11 09:35:55,643 | INFO | 未匹配术语: '沆笑'
2026-09-11 09:35:55,653 | INFO | 未匹配术语: 'ラカ.5'
2026-09-11 09:35:55,701 | INFO | 标注完成: 12 条标注 (遮挡模式)
2026-09-11 09:35:55,821 | INFO | 翻译结果已保存: output\20231113162902978.翻译参考_01(1)_page1_20260911_093555.json (共 16 条, 已翻译 12 条)
2026-09-11 09:37:08,489 | INFO | PaddleOCR: 9 raw → 9 filtered → 9 merged
2026-09-11 09:37:08,533 | INFO | 标注完成: 9 条标注 (遮挡模式)
2026-09-11 09:37:08,542 | INFO | 翻译结果已保存: output\_test_input_page1_20260911_093708.json (共 9 条, 已翻译 9 条)
2026-09-11 09:37:10,434 | INFO | 标注完成: 9 条标注 (不遮挡+防碰撞模式)
2026-09-11 09:37:11,166 | INFO | 标注完成: 9 条标注 (遮挡模式)
2026-09-11 09:48:07,231 | INFO | PaddleOCR: 19 raw → 19 filtered → 19 merged
2026-09-11 09:48:07,237 | INFO | 未匹配术语: '品名'
2026-09-11 09:48:07,243 | INFO | 未匹配术语: '印加工部は'
2026-09-11 09:48:07,256 | INFO | 未匹配术语: 'SuS304'
2026-09-11 09:48:07,262 | INFO | 未匹配术语: '技術部'
2026-09-11 09:48:07,281 | INFO | 未匹配术语: '(第三倉法'
2026-09-11 09:48:07,287 | INFO | 未匹配术语: '夷面処理：'
2026-09-11 09:48:07,293 | INFO | 未匹配术语: '横六加工部'
2026-09-11 09:48:07,299 | INFO | 未匹配术语: '差士0.005ギツ丁ナ'
2026-09-11 09:48:07,317 | INFO | 未匹配术语: 'ほレラプ考車事。'
2026-09-11 09:48:07,323 | INFO | 未匹配术语: 'と華紫ワ'
2026-09-11 09:48:07,327 | INFO | 未匹配术语: 'dx「数握き恩るす。'
2026-09-11 09:48:07,331 | INFO | 未匹配术语: 'シデホルウフ'
2026-09-11 09:48:07,335 | INFO | 未匹配术语: '田H日'
2026-09-11 09:48:07,344 | INFO | 标注完成: 6 条标注 (遮挡模式)
2026-09-11 09:48:07,358 | INFO | 翻译结果已保存: output\项目代码生成PPT_page1_20260911_094807.json (共 19 条, 已翻译 6 条)
2026-09-11 09:48:13,598 | INFO | 标注完成: 6 条标注 (不遮挡+防碰撞模式)
2026-09-11 09:48:20,128 | INFO | 标注完成: 6 条标注 (遮挡模式)
2026-09-11 10:03:53,237 | INFO | ==================================================
2026-09-11 10:03:53,237 | INFO | 日文零件图纸术语自动翻译应用启动
2026-09-11 10:03:53,238 | INFO | 日志目录: C:\MyProject\project11\日文零件图纸术语自动翻译功能\japanese_drawing_translator\logs
2026-09-11 10:03:53,238 | INFO | 日志保留: 180 天
2026-09-11 10:03:53,238 | INFO | ==================================================
2026-09-11 10:03:53,242 | INFO | 词典加载完成: 746 条术语 (跳过 14 条注释)
2026-09-11 10:03:53,433 | INFO | 词典加载完成: 746 条术语 (跳过 14 条注释)
2026-09-11 10:04:07,666 | INFO | 正在初始化 PaddleOCR 日文模型...
2026-09-11 10:04:08,206 | INFO | PaddleOCR 初始化完成
2026-09-11 10:04:09,658 | INFO | PaddleOCR: 27 raw → 27 filtered → 27 merged
2026-09-11 10:04:09,749 | INFO | 未匹配术语: '中級による'
2026-09-11 10:04:09,768 | INFO | 未匹配术语: 'カバー'
2026-09-11 10:04:09,772 | INFO | 未匹配术语: '成技術部'
2026-09-11 10:04:09,793 | INFO | 未匹配术语: 'Sus304'
2026-09-11 10:04:09,800 | INFO | 未匹配术语: '8印加工部は'
2026-09-11 10:04:09,815 | INFO | 未匹配术语: '4EłÇ加工部の寸法形状はdxíデー'
2026-09-11 10:04:09,819 | INFO | 未匹配术语: 'OH.'
2026-09-11 10:04:09,819 | WARNING | Applied processor reduces input query to empty string, all comparisons will have score 0. [Query: '：：']
2026-09-11 10:04:09,819 | INFO | 未匹配术语: '：：'
2026-09-11 10:04:09,834 | INFO | 标注完成: 19 条标注 (遮挡模式)
2026-09-11 10:04:09,851 | INFO | 翻译结果已保存: output\演示图纸_カバー_page1_20260911_100409.json (共 27 条, 已翻译 19 条)
2026-09-11 10:04:23,203 | INFO | 标注完成: 19 条标注 (不遮挡+防碰撞模式)
2026-09-11 10:05:16,574 | INFO | ==================================================
2026-09-11 10:05:16,574 | INFO | 日文零件图纸术语自动翻译应用启动
2026-09-11 10:05:16,574 | INFO | 日志目录: C:\MyProject\project11\日文零件图纸术语自动翻译功能\japanese_drawing_translator\logs
2026-09-11 10:05:16,574 | INFO | 日志保留: 180 天
2026-09-11 10:05:16,574 | INFO | ==================================================
2026-09-11 10:05:16,578 | INFO | 词典加载完成: 963 条术语 (跳过 22 条注释)
2026-09-11 10:05:16,712 | INFO | 词典加载完成: 963 条术语 (跳过 22 条注释)
2026-09-11 10:05:33,886 | INFO | 正在初始化 PaddleOCR 日文模型...
2026-09-11 10:05:34,410 | INFO | PaddleOCR 初始化完成
2026-09-11 10:05:35,830 | INFO | PaddleOCR: 27 raw → 27 filtered → 27 merged
2026-09-11 10:05:36,004 | INFO | 未匹配术语: 'OH.'
2026-09-11 10:05:36,004 | WARNING | Applied processor reduces input query to empty string, all comparisons will have score 0. [Query: '：：']
2026-09-11 10:05:36,005 | INFO | 未匹配术语: '：：'
2026-09-11 10:05:36,025 | INFO | 标注完成: 25 条标注 (遮挡模式)
2026-09-11 10:05:36,044 | INFO | 翻译结果已保存: output\演示图纸_カバー_page1_20260911_100536.json (共 27 条, 已翻译 25 条)
2026-09-11 10:05:52,082 | INFO | 标注完成: 25 条标注 (不遮挡+防碰撞模式)
2026-09-11 10:44:46,097 | INFO | ==================================================
2026-09-11 10:44:46,097 | INFO | 日文零件图纸术语自动翻译应用启动
2026-09-11 10:44:46,098 | INFO | 日志目录: C:\MyProject\project11\日文零件图纸术语自动翻译功能\japanese_drawing_translator\logs
2026-09-11 10:44:46,098 | INFO | 日志保留: 180 天
2026-09-11 10:44:46,098 | INFO | ==================================================
2026-09-11 10:44:46,102 | INFO | 词典加载完成: 963 条术语 (跳过 22 条注释)
2026-09-11 10:44:46,236 | INFO | 词典加载完成: 963 条术语 (跳过 22 条注释)
2026-09-11 10:47:31,159 | INFO | 正在初始化 PaddleOCR 日文模型...
2026-09-11 10:47:31,707 | INFO | PaddleOCR 初始化完成
2026-09-11 10:47:33,004 | INFO | PaddleOCR: 19 raw → 19 filtered → 19 merged
2026-09-11 10:47:33,121 | INFO | 未匹配术语: '(第三倉法'
2026-09-11 10:47:33,126 | INFO | 未匹配术语: '夷面処理：'
2026-09-11 10:47:33,130 | INFO | 未匹配术语: '横六加工部'
2026-09-11 10:47:33,148 | INFO | 未匹配术语: 'ほレラプ考車事。'
2026-09-11 10:47:33,154 | INFO | 未匹配术语: 'と華紫ワ'
2026-09-11 10:47:33,159 | INFO | 未匹配术语: 'dx「数握き恩るす。'
2026-09-11 10:47:33,164 | INFO | 未匹配术语: 'シデホルウフ'
2026-09-11 10:47:33,168 | INFO | 未匹配术语: '田H日'
2026-09-11 10:47:33,183 | INFO | 标注完成: 11 条标注 (遮挡模式)
2026-09-11 10:47:33,205 | INFO | 翻译结果已保存: output\项目代码生成PPT_page1_20260911_104733.json (共 19 条, 已翻译 11 条)
2026-09-11 10:49:53,597 | INFO | ==================================================
2026-09-11 10:49:53,597 | INFO | 日文零件图纸术语自动翻译应用启动
2026-09-11 10:49:53,598 | INFO | 日志目录: C:\MyProject\project11\日文零件图纸术语自动翻译功能\japanese_drawing_translator\logs
2026-09-11 10:49:53,598 | INFO | 日志保留: 180 天
2026-09-11 10:49:53,598 | INFO | ==================================================
2026-09-11 10:49:53,602 | INFO | 词典加载完成: 963 条术语 (跳过 22 条注释)
2026-09-11 10:49:53,746 | INFO | 词典加载完成: 963 条术语 (跳过 22 条注释)
2026-09-11 10:56:00,472 | INFO | ==================================================
2026-09-11 10:56:00,472 | INFO | 日文零件图纸术语自动翻译应用启动
2026-09-11 10:56:00,472 | INFO | 日志目录: C:\MyProject\project11\日文零件图纸术语自动翻译功能\japanese_drawing_translator\logs
2026-09-11 10:56:00,472 | INFO | 日志保留: 180 天
2026-09-11 10:56:00,472 | INFO | ==================================================
2026-09-11 10:56:00,481 | INFO | 词典加载完成: 963 条术语 (跳过 22 条注释)
2026-09-11 10:56:00,703 | INFO | 词典加载完成: 963 条术语 (跳过 22 条注释)
2026-09-11 10:56:48,401 | INFO | 正在初始化 PaddleOCR 日文模型...
2026-09-11 10:56:49,380 | INFO | PaddleOCR 初始化完成
2026-09-11 10:56:51,456 | INFO | PaddleOCR: 19 raw → 19 filtered → 19 merged
2026-09-11 10:56:51,613 | INFO | 未匹配术语: '(第三倉法'
2026-09-11 10:56:51,622 | INFO | 未匹配术语: '夷面処理：'
2026-09-11 10:56:51,629 | INFO | 未匹配术语: '横六加工部'
2026-09-11 10:56:51,669 | INFO | 未匹配术语: 'ほレラプ考車事。'
2026-09-11 10:56:51,679 | INFO | 未匹配术语: 'と華紫ワ'
2026-09-11 10:56:51,692 | INFO | 未匹配术语: 'dx「数握き恩るす。'
2026-09-11 10:56:51,701 | INFO | 未匹配术语: 'シデホルウフ'
2026-09-11 10:56:51,711 | INFO | 未匹配术语: '田H日'
2026-09-11 10:56:51,734 | INFO | 标注完成: 11 条标注 (遮挡模式)
2026-09-11 10:56:51,767 | INFO | 翻译结果已保存: output\项目代码生成PPT_page1_20260911_105651.json (共 19 条, 已翻译 11 条)
2026-09-11 10:57:37,354 | INFO | 标注完成: 11 条标注 (不遮挡+防碰撞模式)
2026-09-11 10:59:15,259 | INFO | 标注完成: 11 条标注 (遮挡模式)
2026-09-11 10:59:19,038 | INFO | 标注完成: 11 条标注 (不遮挡+防碰撞模式)
2026-09-11 10:59:19,496 | INFO | 标注完成: 11 条标注 (遮挡模式)
2026-09-11 22:40:41,259 | INFO | PaddleOCR: 9 raw → 9 filtered → 9 merged
2026-09-11 22:40:41,304 | INFO | 标注完成: 9 条标注 (遮挡模式)
2026-09-11 22:40:41,323 | INFO | 翻译结果已保存: output\_test_input_page1_20260911_224041.json (共 9 条, 已翻译 9 条)
2026-09-11 22:40:43,563 | INFO | 标注完成: 9 条标注 (不遮挡+防碰撞模式)
2026-09-11 22:40:44,559 | INFO | 标注完成: 9 条标注 (遮挡模式)
2026-09-11 22:41:25,999 | INFO | 标注完成: 9 条标注 (不遮挡+防碰撞模式)
2026-09-11 22:41:26,577 | INFO | 标注完成: 9 条标注 (遮挡模式)
2026-09-11 22:41:27,445 | INFO | 标注完成: 9 条标注 (不遮挡+防碰撞模式)
2026-09-11 22:41:27,867 | INFO | 标注完成: 9 条标注 (遮挡模式)
2026-09-11 22:41:36,161 | INFO | 标注完成: 9 条标注 (不遮挡+防碰撞模式)
2026-09-11 22:41:37,111 | INFO | PaddleOCR: 9 raw → 9 filtered → 9 merged
2026-09-11 22:41:37,167 | INFO | 标注完成: 9 条标注 (不遮挡+防碰撞模式)
2026-09-11 22:41:37,197 | INFO | 翻译结果已保存: output\_test_input_page1_20260911_224137.json (共 9 条, 已翻译 9 条)
2026-09-11 22:41:38,010 | INFO | 标注完成: 9 条标注 (遮挡模式)
2026-09-11 22:41:38,527 | INFO | 标注完成: 9 条标注 (不遮挡+防碰撞模式)
2026-09-11 22:41:38,890 | INFO | 标注完成: 9 条标注 (遮挡模式)
2026-09-11 22:41:39,512 | INFO | 标注完成: 9 条标注 (不遮挡+防碰撞模式)
2026-09-11 22:41:49,878 | INFO | PaddleOCR: 9 raw → 9 filtered → 9 merged
2026-09-11 22:41:49,912 | INFO | 标注完成: 9 条标注 (不遮挡+防碰撞模式)
2026-09-11 22:41:49,941 | INFO | 翻译结果已保存: output\_test_input_page1_20260911_224149.json (共 9 条, 已翻译 9 条)
